[dotenv@17.2.4] injecting env (8) from .env -- tip: Γ£à audit secrets and track compliance: https://dotenvx.com/ops
--- Email Configuration Check ---
MAIL_USER: Set
MAIL_PASS: Set
MAIL_SERVICE: gmail
Attempting to send test email...
node : Email sending failed!
At line:1 char:1
+ node test_email.js > test_output.txt 
2>&1
+ ~~~~~~~~~~~~~~~~~~~~~~~~~~~~~~~~~~~~~~
~~~
    + CategoryInfo          : NotSpecif 
   ied: (Email sending failed!:String)  
   [], RemoteException
    + FullyQualifiedErrorId : NativeCom 
   mandError
 
Error Code: ESOCKET
Error Message: self-signed certificate 
in certificate chain
